// Jest Snapshot v1, https://goo.gl/fbAQLP

exports[`Should render Login correctly 1`] = `
<main
  className="box-layout"
>
  <div
    className="box-layout__box"
  >
    <h1
      className="box-layout-title"
    >
      Indecision
    </h1>
    <p>
      Put your life in the hands of a computer.
    </p>
    <button
      className="button"
      onClick={[Function]}
    >
      Login with Google
    </button>
  </div>
</main>
`;
